../Drivers/CMSIS/Include/core_cm4.h:1816:22:__NVIC_SetPriority	16	static
../Core/Src/main.c:132:5:main	8	static
../Core/Src/main.c:193:6:SystemClock_Config	88	static
../Core/Src/main.c:235:13:MX_USART2_UART_Init	8	static
../Core/Src/main.c:268:13:MX_GPIO_Init	16	static
../Core/Src/main.c:282:6:print_adcval	16	static
../Core/Src/main.c:289:6:print_pidOutpuVal	8	static
../Core/Src/main.c:294:6:SetWaitPidLoopUpdate	4	static
../Core/Src/main.c:301:6:SetWaitOneSec	4	static
../Core/Src/main.c:308:6:ControlRelay	24	static
../Core/Src/main.c:316:6:PIDControlLoop	16	static
../Core/Src/main.c:341:6:Timer2_Init	4	static
../Core/Src/main.c:369:6:Timer3_Init	4	static
../Core/Src/main.c:394:7:Average	32	static
../Core/Src/main.c:410:6:ConfigureVoltageSourcePin	4	static
../Core/Src/main.c:424:6:RelayCTRL	16	static
../Core/Src/main.c:432:6:LED_init	4	static
../Core/Src/main.c:440:5:time_expired	24	static
../Core/Src/main.c:450:6:adc_init	8	static
../Core/Src/main.c:478:10:read_adc	24	static
../Core/Src/main.c:493:6:SysTick_Init	16	static
../Core/Src/main.c:511:6:DelayMSW	24	static
../Core/Src/main.c:519:6:SysTick_Handler	4	static
../Core/Src/main.c:528:6:Voltage_Print	16	static
../Core/Src/main.c:536:6:printTimestamp	8	static
../Core/Src/main.c:541:7:adcValtoVolts	24	static
../Core/Src/main.c:548:6:TemperaturePrint	16	static
../Core/Src/main.c:554:7:readTemperature	72	static
../Core/Src/main.c:576:7:RemoveOutliers	16	static
../Core/Src/main.c:585:7:MovingAverage	32	static
../Core/Src/main.c:600:7:Percentage	24	static
../Core/Src/main.c:616:6:Error_Handler	4	static,ignoring_inline_asm
